// Vitest Snapshot v1, https://vitest.dev/guide/snapshot.html

exports[`dataDonutToIR > emits a snapshot-stable 3-segment donut 1`] = `
{
  "bbox": {
    "h": 200,
    "w": 200,
    "x": 0,
    "y": 0,
  },
  "children": [
    {
      "bbox": {
        "h": 200,
        "w": 200,
        "x": 0,
        "y": 0,
      },
      "commands": [
        {
          "op": "M",
          "x": 100,
          "y": 0,
        },
        {
          "largeArc": false,
          "op": "A",
          "rx": 100,
          "ry": 100,
          "sweep": true,
          "x": 100,
          "xAxisRotationDeg": 0,
          "y": 200,
        },
        {
          "op": "L",
          "x": 100,
          "y": 160,
        },
        {
          "largeArc": false,
          "op": "A",
          "rx": 60,
          "ry": 60,
          "sweep": false,
          "x": 100,
          "xAxisRotationDeg": 0,
          "y": 40,
        },
        {
          "op": "Z",
        },
      ],
      "fill": {
        "color": "#a78bfa",
        "kind": "solid",
      },
      "fillRule": "nonzero",
      "kind": "path",
      "metadata": {
        "index": 1,
        "label": "A",
        "role": "donut-segment",
        "startDeg": -90,
        "sweepDeg": 180,
        "value": 50,
      },
      "recipeId": "data.donut.segment-1",
      "strokeLinecap": "butt",
      "strokeLinejoin": "miter",
      "strokeWidthPx": 0,
      "zOrder": 0,
    },
    {
      "bbox": {
        "h": 200,
        "w": 200,
        "x": 0,
        "y": 0,
      },
      "commands": [
        {
          "op": "M",
          "x": 100,
          "y": 200,
        },
        {
          "largeArc": false,
          "op": "A",
          "rx": 100,
          "ry": 100,
          "sweep": true,
          "x": 4.89434837048465,
          "xAxisRotationDeg": 0,
          "y": 69.09830056250523,
        },
        {
          "op": "L",
          "x": 42.93660902229079,
          "y": 81.45898033750314,
        },
        {
          "largeArc": false,
          "op": "A",
          "rx": 60,
          "ry": 60,
          "sweep": false,
          "x": 100,
          "xAxisRotationDeg": 0,
          "y": 160,
        },
        {
          "op": "Z",
        },
      ],
      "fill": {
        "color": "#f472b6",
        "kind": "solid",
      },
      "fillRule": "nonzero",
      "kind": "path",
      "metadata": {
        "index": 2,
        "label": "B",
        "role": "donut-segment",
        "startDeg": 90,
        "sweepDeg": 108,
        "value": 30,
      },
      "recipeId": "data.donut.segment-2",
      "strokeLinecap": "butt",
      "strokeLinejoin": "miter",
      "strokeWidthPx": 0,
      "zOrder": 10,
    },
    {
      "bbox": {
        "h": 200,
        "w": 200,
        "x": 0,
        "y": 0,
      },
      "commands": [
        {
          "op": "M",
          "x": 4.89434837048465,
          "y": 69.09830056250523,
        },
        {
          "largeArc": false,
          "op": "A",
          "rx": 100,
          "ry": 100,
          "sweep": true,
          "x": 99.99999999999999,
          "xAxisRotationDeg": 0,
          "y": 0,
        },
        {
          "op": "L",
          "x": 99.99999999999999,
          "y": 40,
        },
        {
          "largeArc": false,
          "op": "A",
          "rx": 60,
          "ry": 60,
          "sweep": false,
          "x": 42.93660902229079,
          "xAxisRotationDeg": 0,
          "y": 81.45898033750314,
        },
        {
          "op": "Z",
        },
      ],
      "fill": {
        "color": "#34d399",
        "kind": "solid",
      },
      "fillRule": "nonzero",
      "kind": "path",
      "metadata": {
        "index": 3,
        "label": "C",
        "role": "donut-segment",
        "startDeg": 198,
        "sweepDeg": 72,
        "value": 20,
      },
      "recipeId": "data.donut.segment-3",
      "strokeLinecap": "butt",
      "strokeLinejoin": "miter",
      "strokeWidthPx": 0,
      "zOrder": 20,
    },
    {
      "bbox": {
        "h": 120,
        "w": 120,
        "x": 40,
        "y": 40,
      },
      "borderRadiusPx": 0,
      "fill": {
        "color": "#070710",
        "kind": "solid",
      },
      "kind": "shape",
      "metadata": {
        "role": "donut-hole",
      },
      "recipeId": "data.donut.hole",
      "shape": "oval",
      "zOrder": 30,
    },
  ],
  "kind": "group",
  "metadata": {
    "axis": "data",
    "innerRadiusFrac": 0.6,
    "role": "data.donut",
    "segmentCount": 3,
    "startAngleDeg": -90,
  },
  "recipeId": "data.donut",
  "zOrder": 0,
}
`;

exports[`dataDonutToIR emits a snapshot-stable 3-segment donut 1`] = `
{
  "bbox": {
    "h": 200,
    "w": 200,
    "x": 0,
    "y": 0,
  },
  "children": [
    {
      "bbox": {
        "h": 200,
        "w": 200,
        "x": 0,
        "y": 0,
      },
      "commands": [
        {
          "op": "M",
          "x": 100,
          "y": 0,
        },
        {
          "largeArc": false,
          "op": "A",
          "rx": 100,
          "ry": 100,
          "sweep": true,
          "x": 100,
          "xAxisRotationDeg": 0,
          "y": 200,
        },
        {
          "op": "L",
          "x": 100,
          "y": 160,
        },
        {
          "largeArc": false,
          "op": "A",
          "rx": 60,
          "ry": 60,
          "sweep": false,
          "x": 100,
          "xAxisRotationDeg": 0,
          "y": 40,
        },
        {
          "op": "Z",
        },
      ],
      "fill": {
        "color": "#a78bfa",
        "kind": "solid",
      },
      "fillRule": "nonzero",
      "kind": "path",
      "metadata": {
        "index": 1,
        "label": "A",
        "role": "donut-segment",
        "startDeg": -90,
        "sweepDeg": 180,
        "value": 50,
      },
      "recipeId": "data.donut.segment-1",
      "strokeLinecap": "butt",
      "strokeLinejoin": "miter",
      "strokeWidthPx": 0,
      "zOrder": 0,
    },
    {
      "bbox": {
        "h": 200,
        "w": 200,
        "x": 0,
        "y": 0,
      },
      "commands": [
        {
          "op": "M",
          "x": 100,
          "y": 200,
        },
        {
          "largeArc": false,
          "op": "A",
          "rx": 100,
          "ry": 100,
          "sweep": true,
          "x": 4.89434837048465,
          "xAxisRotationDeg": 0,
          "y": 69.09830056250523,
        },
        {
          "op": "L",
          "x": 42.93660902229079,
          "y": 81.45898033750314,
        },
        {
          "largeArc": false,
          "op": "A",
          "rx": 60,
          "ry": 60,
          "sweep": false,
          "x": 100,
          "xAxisRotationDeg": 0,
          "y": 160,
        },
        {
          "op": "Z",
        },
      ],
      "fill": {
        "color": "#f472b6",
        "kind": "solid",
      },
      "fillRule": "nonzero",
      "kind": "path",
      "metadata": {
        "index": 2,
        "label": "B",
        "role": "donut-segment",
        "startDeg": 90,
        "sweepDeg": 108,
        "value": 30,
      },
      "recipeId": "data.donut.segment-2",
      "strokeLinecap": "butt",
      "strokeLinejoin": "miter",
      "strokeWidthPx": 0,
      "zOrder": 10,
    },
    {
      "bbox": {
        "h": 200,
        "w": 200,
        "x": 0,
        "y": 0,
      },
      "commands": [
        {
          "op": "M",
          "x": 4.89434837048465,
          "y": 69.09830056250523,
        },
        {
          "largeArc": false,
          "op": "A",
          "rx": 100,
          "ry": 100,
          "sweep": true,
          "x": 99.99999999999999,
          "xAxisRotationDeg": 0,
          "y": 0,
        },
        {
          "op": "L",
          "x": 99.99999999999999,
          "y": 40,
        },
        {
          "largeArc": false,
          "op": "A",
          "rx": 60,
          "ry": 60,
          "sweep": false,
          "x": 42.93660902229079,
          "xAxisRotationDeg": 0,
          "y": 81.45898033750314,
        },
        {
          "op": "Z",
        },
      ],
      "fill": {
        "color": "#34d399",
        "kind": "solid",
      },
      "fillRule": "nonzero",
      "kind": "path",
      "metadata": {
        "index": 3,
        "label": "C",
        "role": "donut-segment",
        "startDeg": 198,
        "sweepDeg": 72,
        "value": 20,
      },
      "recipeId": "data.donut.segment-3",
      "strokeLinecap": "butt",
      "strokeLinejoin": "miter",
      "strokeWidthPx": 0,
      "zOrder": 20,
    },
    {
      "bbox": {
        "h": 120,
        "w": 120,
        "x": 40,
        "y": 40,
      },
      "borderRadiusPx": 0,
      "fill": {
        "color": "#070710",
        "kind": "solid",
      },
      "kind": "shape",
      "metadata": {
        "role": "donut-hole",
      },
      "recipeId": "data.donut.hole",
      "shape": "oval",
      "zOrder": 30,
    },
  ],
  "kind": "group",
  "metadata": {
    "axis": "data",
    "innerRadiusFrac": 0.6,
    "role": "data.donut",
    "segmentCount": 3,
    "startAngleDeg": -90,
  },
  "recipeId": "data.donut",
  "zOrder": 0,
}
`;
