// Vitest Snapshot v1, https://vitest.dev/guide/snapshot.html

exports[`slotListToIR > emits a snapshot-stable bulleted list 1`] = `
{
  "bbox": {
    "h": 200,
    "w": 600,
    "x": 100,
    "y": 100,
  },
  "children": [
    {
      "bbox": {
        "h": 8,
        "w": 8,
        "x": 118,
        "y": 125.33333333333334,
      },
      "borderRadiusPx": 0,
      "fill": {
        "color": "#a1a1aa",
        "kind": "solid",
      },
      "kind": "shape",
      "metadata": {
        "index": 1,
        "kind": "bullet",
        "role": "list-marker",
      },
      "recipeId": "slot.list.marker-1",
      "shape": "oval",
      "zOrder": 0,
    },
    {
      "bbox": {
        "h": 58.666666666666664,
        "w": 556,
        "x": 144,
        "y": 100,
      },
      "kind": "text",
      "metadata": {
        "index": 1,
        "role": "list-label",
      },
      "paragraphs": [
        {
          "align": "left",
          "runs": [
            {
              "color": "#f5f5f7",
              "fontFamily": "Inter, sans-serif",
              "fontSizePx": 16,
              "fontWeight": 400,
              "italic": false,
              "text": "First",
              "underline": false,
            },
          ],
        },
      ],
      "recipeId": "slot.list.label-1",
      "zOrder": 10,
    },
    {
      "bbox": {
        "h": 8,
        "w": 8,
        "x": 118,
        "y": 196,
      },
      "borderRadiusPx": 0,
      "fill": {
        "color": "#a1a1aa",
        "kind": "solid",
      },
      "kind": "shape",
      "metadata": {
        "index": 2,
        "kind": "bullet",
        "role": "list-marker",
      },
      "recipeId": "slot.list.marker-2",
      "shape": "oval",
      "zOrder": 20,
    },
    {
      "bbox": {
        "h": 58.666666666666664,
        "w": 556,
        "x": 144,
        "y": 170.66666666666666,
      },
      "kind": "text",
      "metadata": {
        "index": 2,
        "role": "list-label",
      },
      "paragraphs": [
        {
          "align": "left",
          "runs": [
            {
              "color": "#f5f5f7",
              "fontFamily": "Inter, sans-serif",
              "fontSizePx": 16,
              "fontWeight": 400,
              "italic": false,
              "text": "Second",
              "underline": false,
            },
          ],
        },
      ],
      "recipeId": "slot.list.label-2",
      "zOrder": 30,
    },
    {
      "bbox": {
        "h": 8,
        "w": 8,
        "x": 118,
        "y": 266.66666666666663,
      },
      "borderRadiusPx": 0,
      "fill": {
        "color": "#a1a1aa",
        "kind": "solid",
      },
      "kind": "shape",
      "metadata": {
        "index": 3,
        "kind": "bullet",
        "role": "list-marker",
      },
      "recipeId": "slot.list.marker-3",
      "shape": "oval",
      "zOrder": 40,
    },
    {
      "bbox": {
        "h": 58.666666666666664,
        "w": 556,
        "x": 144,
        "y": 241.33333333333331,
      },
      "kind": "text",
      "metadata": {
        "index": 3,
        "role": "list-label",
      },
      "paragraphs": [
        {
          "align": "left",
          "runs": [
            {
              "color": "#f5f5f7",
              "fontFamily": "Inter, sans-serif",
              "fontSizePx": 16,
              "fontWeight": 400,
              "italic": false,
              "text": "Third",
              "underline": false,
            },
          ],
        },
      ],
      "recipeId": "slot.list.label-3",
      "zOrder": 50,
    },
  ],
  "kind": "group",
  "metadata": {
    "axis": "slot",
    "count": 3,
    "marker": "bullet",
    "role": "slot.list",
  },
  "recipeId": "slot.list",
  "zOrder": 0,
}
`;

exports[`slotListToIR emits a snapshot-stable bulleted list 1`] = `
{
  "bbox": {
    "h": 200,
    "w": 600,
    "x": 100,
    "y": 100,
  },
  "children": [
    {
      "bbox": {
        "h": 8,
        "w": 8,
        "x": 118,
        "y": 125.33333333333334,
      },
      "borderRadiusPx": 0,
      "fill": {
        "color": "#a1a1aa",
        "kind": "solid",
      },
      "kind": "shape",
      "metadata": {
        "index": 1,
        "kind": "bullet",
        "role": "list-marker",
      },
      "recipeId": "slot.list.marker-1",
      "shape": "oval",
      "zOrder": 0,
    },
    {
      "bbox": {
        "h": 58.666666666666664,
        "w": 556,
        "x": 144,
        "y": 100,
      },
      "kind": "text",
      "metadata": {
        "index": 1,
        "role": "list-label",
      },
      "paragraphs": [
        {
          "align": "left",
          "runs": [
            {
              "color": "#f5f5f7",
              "fontFamily": "Inter, sans-serif",
              "fontSizePx": 16,
              "fontWeight": 400,
              "italic": false,
              "text": "First",
              "underline": false,
            },
          ],
        },
      ],
      "recipeId": "slot.list.label-1",
      "zOrder": 10,
    },
    {
      "bbox": {
        "h": 8,
        "w": 8,
        "x": 118,
        "y": 196,
      },
      "borderRadiusPx": 0,
      "fill": {
        "color": "#a1a1aa",
        "kind": "solid",
      },
      "kind": "shape",
      "metadata": {
        "index": 2,
        "kind": "bullet",
        "role": "list-marker",
      },
      "recipeId": "slot.list.marker-2",
      "shape": "oval",
      "zOrder": 20,
    },
    {
      "bbox": {
        "h": 58.666666666666664,
        "w": 556,
        "x": 144,
        "y": 170.66666666666666,
      },
      "kind": "text",
      "metadata": {
        "index": 2,
        "role": "list-label",
      },
      "paragraphs": [
        {
          "align": "left",
          "runs": [
            {
              "color": "#f5f5f7",
              "fontFamily": "Inter, sans-serif",
              "fontSizePx": 16,
              "fontWeight": 400,
              "italic": false,
              "text": "Second",
              "underline": false,
            },
          ],
        },
      ],
      "recipeId": "slot.list.label-2",
      "zOrder": 30,
    },
    {
      "bbox": {
        "h": 8,
        "w": 8,
        "x": 118,
        "y": 266.66666666666663,
      },
      "borderRadiusPx": 0,
      "fill": {
        "color": "#a1a1aa",
        "kind": "solid",
      },
      "kind": "shape",
      "metadata": {
        "index": 3,
        "kind": "bullet",
        "role": "list-marker",
      },
      "recipeId": "slot.list.marker-3",
      "shape": "oval",
      "zOrder": 40,
    },
    {
      "bbox": {
        "h": 58.666666666666664,
        "w": 556,
        "x": 144,
        "y": 241.33333333333331,
      },
      "kind": "text",
      "metadata": {
        "index": 3,
        "role": "list-label",
      },
      "paragraphs": [
        {
          "align": "left",
          "runs": [
            {
              "color": "#f5f5f7",
              "fontFamily": "Inter, sans-serif",
              "fontSizePx": 16,
              "fontWeight": 400,
              "italic": false,
              "text": "Third",
              "underline": false,
            },
          ],
        },
      ],
      "recipeId": "slot.list.label-3",
      "zOrder": 50,
    },
  ],
  "kind": "group",
  "metadata": {
    "axis": "slot",
    "count": 3,
    "marker": "bullet",
    "role": "slot.list",
  },
  "recipeId": "slot.list",
  "zOrder": 0,
}
`;
