// Vitest Snapshot v1, https://vitest.dev/guide/snapshot.html

exports[`surfaceLinearFadeToIR > emits a snapshot-stable bottom-scrim 1`] = `
{
  "bbox": {
    "h": 200,
    "w": 1280,
    "x": 0,
    "y": 520,
  },
  "children": [
    {
      "bbox": {
        "h": 200,
        "w": 1280,
        "x": 0,
        "y": 520,
      },
      "borderRadiusPx": 0,
      "fill": {
        "angleDeg": 180,
        "kind": "linear-gradient",
        "stops": [
          {
            "color": {
              "alpha": 0.7,
              "hex": "#000000",
            },
            "position": 0,
          },
          {
            "color": {
              "alpha": 0,
              "hex": "#000000",
            },
            "position": 1,
          },
        ],
      },
      "kind": "shape",
      "metadata": {
        "axis": "surface",
        "direction": "bottom",
        "fadePct": 1,
        "opacity": 0.7,
        "role": "surface.linear-fade",
      },
      "recipeId": "surface.linear-fade",
      "shape": "rect",
      "zOrder": 0,
    },
  ],
  "kind": "group",
  "metadata": {
    "angleDeg": 180,
    "axis": "surface",
    "direction": "bottom",
    "fadePct": 1,
    "opacity": 0.7,
    "role": "surface.linear-fade",
  },
  "recipeId": "surface.linear-fade",
  "zOrder": 0,
}
`;
