// Vitest Snapshot v1, https://vitest.dev/guide/snapshot.html

exports[`surfaceRadialBlobToIR > emits a snapshot-stable radial blob 1`] = `
{
  "bbox": {
    "h": 320,
    "w": 320,
    "x": 0,
    "y": 0,
  },
  "children": [
    {
      "bbox": {
        "h": 320,
        "w": 320,
        "x": 0,
        "y": 0,
      },
      "borderRadiusPx": 0,
      "fill": {
        "cx": 0.2,
        "cy": 0.2,
        "kind": "radial-gradient",
        "shape": "ellipse",
        "stops": [
          {
            "color": {
              "alpha": 0.55,
              "hex": "#a78bfa",
            },
            "position": 0,
          },
          {
            "color": {
              "alpha": 0,
              "hex": "#a78bfa",
            },
            "position": 1,
          },
        ],
      },
      "kind": "shape",
      "metadata": {
        "axis": "surface",
        "cx": 0.2,
        "cy": 0.2,
        "intensity": "high",
        "role": "surface.radial-blob",
        "shape": "ellipse",
      },
      "recipeId": "surface.radial-blob",
      "shape": "rect",
      "zOrder": 0,
    },
  ],
  "kind": "group",
  "metadata": {
    "axis": "surface",
    "cx": 0.2,
    "cy": 0.2,
    "intensity": "high",
    "role": "surface.radial-blob",
    "shape": "ellipse",
  },
  "recipeId": "surface.radial-blob",
  "zOrder": 0,
}
`;

exports[`surfaceRadialBlobToIR emits a snapshot-stable radial blob 1`] = `
{
  "bbox": {
    "h": 320,
    "w": 320,
    "x": 0,
    "y": 0,
  },
  "children": [
    {
      "bbox": {
        "h": 320,
        "w": 320,
        "x": 0,
        "y": 0,
      },
      "borderRadiusPx": 0,
      "fill": {
        "cx": 0.2,
        "cy": 0.2,
        "kind": "radial-gradient",
        "shape": "ellipse",
        "stops": [
          {
            "color": {
              "alpha": 0.55,
              "hex": "#a78bfa",
            },
            "position": 0,
          },
          {
            "color": {
              "alpha": 0,
              "hex": "#a78bfa",
            },
            "position": 1,
          },
        ],
      },
      "kind": "shape",
      "metadata": {
        "axis": "surface",
        "cx": 0.2,
        "cy": 0.2,
        "intensity": "high",
        "role": "surface.radial-blob",
        "shape": "ellipse",
      },
      "recipeId": "surface.radial-blob",
      "shape": "rect",
      "zOrder": 0,
    },
  ],
  "kind": "group",
  "metadata": {
    "axis": "surface",
    "cx": 0.2,
    "cy": 0.2,
    "intensity": "high",
    "role": "surface.radial-blob",
    "shape": "ellipse",
  },
  "recipeId": "surface.radial-blob",
  "zOrder": 0,
}
`;
