// Vitest Snapshot v1, https://vitest.dev/guide/snapshot.html

exports[`frameLetterboxToIR > emits a snapshot-stable letterbox 1`] = `
{
  "bbox": {
    "h": 720,
    "w": 1280,
    "x": 0,
    "y": 0,
  },
  "children": [
    {
      "bbox": {
        "h": 72,
        "w": 1280,
        "x": 0,
        "y": 0,
      },
      "borderRadiusPx": 0,
      "fill": {
        "color": "#070710",
        "kind": "solid",
      },
      "kind": "shape",
      "metadata": {
        "role": "letterbox-bar",
        "side": "top",
      },
      "recipeId": "frame.letterbox.top-bar",
      "shape": "rect",
      "zOrder": 0,
    },
    {
      "bbox": {
        "h": 72,
        "w": 1280,
        "x": 0,
        "y": 648,
      },
      "borderRadiusPx": 0,
      "fill": {
        "color": "#070710",
        "kind": "solid",
      },
      "kind": "shape",
      "metadata": {
        "role": "letterbox-bar",
        "side": "bottom",
      },
      "recipeId": "frame.letterbox.bottom-bar",
      "shape": "rect",
      "zOrder": 10,
    },
    {
      "bbox": {
        "h": 576,
        "w": 1280,
        "x": 0,
        "y": 72,
      },
      "children": [],
      "kind": "group",
      "metadata": {
        "role": "letterbox-content",
      },
      "recipeId": "frame.letterbox.content",
      "zOrder": 20,
    },
  ],
  "kind": "group",
  "metadata": {
    "axis": "frame",
    "barHeightPx": 72,
    "role": "frame.letterbox",
  },
  "recipeId": "frame.letterbox",
  "zOrder": 0,
}
`;
