{
  "bbox": {
    "h": 200,
    "w": 600,
    "x": 100,
    "y": 100
  },
  "children": [
    {
      "bbox": {
        "h": 200,
        "w": 600,
        "x": 100,
        "y": 100
      },
      "children": [
        {
          "bbox": {
            "h": 200,
            "w": 600,
            "x": 100,
            "y": 100
          },
          "borderRadiusPx": 0,
          "fill": {
            "angleDeg": 0,
            "bgColor": "#cccccc",
            "featureSizePx": 1,
            "kind": "pattern",
            "pattern": "dots",
            "tileHeightPx": 8,
            "tileWidthPx": 8
          },
          "kind": "shape",
          "metadata": {
            "axis": "surface",
            "featurePx": 1,
            "pattern": "dots",
            "role": "surface.pattern-tile",
            "tilePx": 8
          },
          "recipeId": "surface.pattern-tile",
          "shape": "rect",
          "zOrder": 0
        }
      ],
      "kind": "group",
      "metadata": {
        "angleDeg": 0,
        "axis": "surface",
        "featurePx": 1,
        "pattern": "dots",
        "role": "surface.pattern-tile",
        "tilePx": 8
      },
      "recipeId": "surface.pattern-tile",
      "zOrder": 0
    }
  ],
  "kind": "group",
  "metadata": {
    "axis": "bg",
    "color": "tokens.palette.ruler",
    "dotRadiusPx": 0.75,
    "primitive": "surface.pattern-tile",
    "role": "bg.dot-lattice-fine",
    "version": "1.0.0"
  },
  "recipeId": "bg.dot-lattice-fine",
  "zOrder": 0
}