{
  "bbox": {
    "h": 200,
    "w": 600,
    "x": 100,
    "y": 100
  },
  "children": [
    {
      "bbox": {
        "h": 200,
        "w": 600,
        "x": 100,
        "y": 100
      },
      "children": [
        {
          "bbox": {
            "h": 120,
            "w": 120,
            "x": 340,
            "y": 140
          },
          "borderRadiusPx": 0,
          "fill": {
            "color": "#070710",
            "kind": "solid"
          },
          "kind": "shape",
          "metadata": {
            "role": "donut-hole"
          },
          "recipeId": "data.donut.hole",
          "shape": "oval",
          "zOrder": 0
        }
      ],
      "kind": "group",
      "metadata": {
        "axis": "data",
        "innerRadiusFrac": 0.6,
        "role": "data.donut",
        "segmentCount": 0,
        "startAngleDeg": -90
      },
      "recipeId": "data.donut",
      "zOrder": 0
    }
  ],
  "kind": "group",
  "metadata": {
    "axis": "data",
    "primitive": "data.donut",
    "role": "data.donut",
    "startDeg": 0,
    "thicknessPx": 24,
    "version": "1.0.0"
  },
  "recipeId": "data.donut",
  "zOrder": 0
}