{
  "bbox": {
    "h": 200,
    "w": 600,
    "x": 100,
    "y": 100
  },
  "children": [
    {
      "bbox": {
        "h": 200,
        "w": 600,
        "x": 100,
        "y": 100
      },
      "children": [
        {
          "bbox": {
            "h": 200,
            "w": 600,
            "x": 100,
            "y": 100
          },
          "borderRadiusPx": 0,
          "kind": "shape",
          "metadata": {
            "axis": "surface",
            "role": "surface.shape-fill",
            "shape": "rounded-rect"
          },
          "recipeId": "surface.shape-fill",
          "shape": "rounded-rect",
          "zOrder": 0
        }
      ],
      "kind": "group",
      "metadata": {
        "axis": "surface",
        "radiusPx": 0,
        "role": "surface.shape-fill",
        "shape": "rounded-rect"
      },
      "recipeId": "surface.shape-fill",
      "zOrder": 0
    }
  ],
  "kind": "group",
  "metadata": {
    "accentColor": "tokens.palette.accent",
    "axis": "surf",
    "bgColor": "tokens.palette.surface-3",
    "primitive": "surface.shape-fill",
    "radius": 18,
    "role": "surf.card-depth",
    "version": "1.0.0"
  },
  "recipeId": "surf.card-depth",
  "zOrder": 0
}