{
  "bbox": {
    "h": 200,
    "w": 600,
    "x": 100,
    "y": 100
  },
  "children": [
    {
      "bbox": {
        "h": 200,
        "w": 600,
        "x": 100,
        "y": 100
      },
      "children": [
        {
          "bbox": {
            "h": 200,
            "w": 600,
            "x": 100,
            "y": 100
          },
          "borderRadiusPx": 12,
          "fill": {
            "color": "#0e0e1a",
            "kind": "solid"
          },
          "kind": "shape",
          "metadata": {
            "chrome": "minimal",
            "role": "window-surface",
            "theme": "dark"
          },
          "recipeId": "chrome.window-frame.surface",
          "shape": "rounded-rect",
          "zOrder": 0
        },
        {
          "bbox": {
            "h": 28,
            "w": 600,
            "x": 100,
            "y": 100
          },
          "borderRadiusPx": 0,
          "fill": {
            "color": "#16162a",
            "kind": "solid"
          },
          "kind": "shape",
          "metadata": {
            "role": "window-titlebar"
          },
          "recipeId": "chrome.window-frame.titlebar",
          "shape": "rect",
          "zOrder": 10
        }
      ],
      "kind": "group",
      "metadata": {
        "axis": "chrome",
        "chrome": "minimal",
        "role": "chrome.window-frame",
        "theme": "dark"
      },
      "recipeId": "chrome.window-frame",
      "zOrder": 0
    }
  ],
  "kind": "group",
  "metadata": {
    "axis": "ui",
    "primitive": "chrome.window-frame",
    "role": "ui.browser-minimal",
    "version": "1.0.0"
  },
  "recipeId": "ui.browser-minimal",
  "zOrder": 0
}