{
  "bbox": {
    "h": 200,
    "w": 600,
    "x": 100,
    "y": 100
  },
  "children": [
    {
      "bbox": {
        "h": 200,
        "w": 600,
        "x": 100,
        "y": 100
      },
      "children": [],
      "kind": "group",
      "metadata": {
        "axis": "slot",
        "count": 0,
        "marker": "bullet",
        "role": "slot.list"
      },
      "recipeId": "slot.list",
      "zOrder": 0
    }
  ],
  "kind": "group",
  "metadata": {
    "axis": "ui",
    "primitive": "slot.list",
    "role": "ui.checklist",
    "version": "1.0.0"
  },
  "recipeId": "ui.checklist",
  "zOrder": 0
}